wwwwwwwwww
wffffffffw
wffpfffffwwwwwwwww
wwwfffffeffffffffw
  wfffffffeffffffw         wwwwwwww
  wffffffffffffffw         wffffffw
  wwwwwwwwwffffffw         wffffffw
          wffffffw         wffffffw
          wfffffffffffffffffffffffw
          wffffffw         wwwfffww
          wwwwwwww           wfffw
                             wfffwwwwwwwwwwwwwwwwwwwwwwwwwwwwww
                             wffffffffffffffffffffffffffffffffw
                             wfffwwwwwwwwwwwwwwwwfwwwwwwwwwwwww
                             wfffw              wfw
                             wfffw              wffwwwwwww
                             wfffw              wffffffffw
                             wfffw              wwwwwwwwww
                             wfffwwwwwwwwwwwwwwwwwwww
                             wffffffffffffffffffffffw
                             wffffffffffffffffffffffw
                             wffffffffffffffffffffffw
                             wwwwwwwwwwwwfffwwwwwwwww
                                        wfffw
                                     wwwwfffwww
                                     wffffffffw
                                     wffffffffwwwwwwwww
                                     wwwfffffeffffffffw
                                       wfffffffeffffffw         wwwwwwww
                                       wffffffffffffffw         wffffffw
                                       wwwwwwwwwffffffw         wffffffw
                                               wffffffw         wffffffw
                                               wfffffffffffffffffffffffw
                                               wffffffw         wwwfffww
                                               wwwwwwww           wfffw
                                                                  wfffw
                                                                  wfffw
                                                                  wfffw
                                                                  wfffw
                                                                  wfffw
                                                                  wfffwwwwwwwwwwwwwwwwwww
                                                                  wffffffffffffffffffffff
                                                                  wffffffffffffffffffffff
                                                                  wffffffffffffffffffffff
                                                                  wwwwwwwwwwwwwwwwwwwwwww
