wwwwwwwwww
wffffffffw
wffffffffwwwwwwwww
wwwfffffeffffffffw
  wfffffffeffffffw         wwwwwwww
  wffffffffffpfffw         wfffffgw
  wwwwwwwwwffffffw         wffffffw
          wffffffw         wffffffw
          wfffffffffffffffffffffffw
          wggggggw         wwwfffww
          wwwwwwww           wfffw
                             wfffwwwwwwwwwwwwwwwwwwwwwwwwwwwwww
                             wfffffffffffffffffffffffffffffffffffffffffff
                             wfffwwwwwwwwwwwwwwwwfwwwwwwwwwwwww
                             wfffw              wfw
                             wffgw              wffwwwwwww
                             wfffw              wffffffffw
                             wfffw              wwwwwwwwww
                             wfffwwwwwwwwwwwwwwwwwwww
                             wffffffflllllllllffffffw
                             wgggffffflllfflllllffffw
                             wgggggfffffffffffffffffw
                             wwwwwwwwwwwwfffwwwwwwwww
                                        wfffw
                                     wwwwfffwww
                                     wffffffffw
                                     wffffffffwwwwwwwww
                                     wwwfffffeffffffffw
                                       wfffffffeffffffw         wwwwwwww
                                       wffffffffffffffw         wlllfffw
                                       wwwwwwwwwffffffw         wllffffw
                                               wffffffw         wlfffffw
                                               wfffffffffffffffffffffffw
                                               wffffffw         wwwfffww
                                               wwwwwwww           wfffw
                                                                   wffw
                                                                    wfw
                                                                  wfffw
                                                                   wffw
                                                                    wfw
                                                                  wfffwww
