wwwwwwwwwwwwwwwwwwwwwwwwwwwwwwwwwwwwwwwwwwwwwwwwwwwwwwwwwwwwwwwwwwwwwwwwwwwwwwwwwwwwwwwwwwwwwwwwwwwwwwwwwwwwwwww
wffffffffffffffffffffffffffffffffffffffffffffffffffffffffffffffffffffffffffffffffffffffffffffffffffffffffffffffw
wffffffffffffffffffffffffffffffffffffffffffffffffffffffffffffffffffffffffffffffffffffffffffffffffffffffffffffffw
wffffgggggggggggggggggggggggggggggggggggggfffffffffffffffffffffffffffffffffffffffffffffffffffffffffffffffffffffw
wffffgggggggggggggggggggggggggggggggggggggfffffffffffffffffffffffffffffffffffffffffffffffffffffffffffffffffffffw
wffffgggggggggggggggggggggggggggggggggggggfffffffffffffffffffffffffffffffffffffffffffffffffffffffffffffffffffffw
wffffgggggggggggggggggggggggggggggggggggggfffffffffffffffffffffffffffffffffffffffffffffffffffffffffffffffffffffw
wffffgggggggggggggggggggggggggggggggggggggfffffffffffffffffffffffffffffffffffffffffffffffffffffffffffffffffffffw
wffffgggggggggggggggggggggggggggggggggggggffffffwwwwwwwwwwwwwwwwwwwwwwwwwwfffffffffffffffffffffffffffffffffffffw
wffffgggggggggggggggggggggggggggggggggggggffffffwffffffffffffffffffffffffwfffffffffffffffffffffffffffffffffffffw
wffffgggggggggggggggggggggggggggggggggggggffffffwffffffffffffffffffffffffwfffffffffffffffffffffffffffffffffffffw
wffffgggggggggggggggggggggggggggggggggggggffffffwffffffffffffffffffffffffwfffffffffffffffffffffffffffffffffffffw
wffffgggggggggggggggggggggggggggggggggggggffffffwffffffffffffffffffffffffwfffffffffffffffffffffffffffffffffffffw
wffffgggggggggggggggggggggggggggggggggggggffffffwffffffffffffffffffffffffwfffffffffffffffffffffffffffffffffffffw
wffffgggggggggggggggggggggggggggggggggggggffffffwffffffffffffffffffffffffwfffffffffffffffffffffffffffffffffffffw
wffffgggggggggggggggggggggggggggggggggggggffffffwffffffffffffffffffffffffwfffffffffffffffffffffffffffffffffffffw
wffffgggggggggggggggggggggggggggggggggggggffffffwffffffffffffffffffffffffwfffffffffffffffffffffffffffffffffffffw
wffffgggggggggggggggggggggggggggggggggggggffffffwffffffffffffffffffffffffwfffffffffffffffffffffffffffffffffffffw
wffffgggggggggggggggggggggggggggggggggggggffffffwffffffffffffffffffffffffwfffffffffffffffffffffffffffffffffffffw
wffffgggggggggggggggggggggggggggggggggggggfffffffffffffffffffffffffffffffwfffffffffffffffffffffffffffffffffffffw
wffffgggggggggggggggggggggggggggggggggggggffffffwffffffffffffffffffffffffwwwwwwwwwwwwwwwwwwwwwfffffffffffffffffw
wffffgggggggggggggggggggggggggggggggggggggffffffwffffffffffffffffffffffffwfffffffffffffffffffwfffffffffffffffffw
wffffgggggggggggggggggggggggggggggggggggggffffffwffffffffffffffffffffffffwfffffffffffffffffffwfffffffffffffffffw
wffffgggggggggggggggggggggggggggggggggggggffffffwffffffffffffffffffffffffwfffffffffffffffffffwfffffffffffffffffw
wfffffffffffffffffffffffffffffffffffffffffffffffwffffffffffffffffffffffffwfffffffffffffffffffwfffffffffffffffffw
wfffffffffffffffffffffffffffffffffffffffffffffffwffffffffffffffffffffffffwfffffffffffffffffffwfffffffffffffffffw
wfffffffffffffffffffffffffffffffffffffffffffffffwffffffffffffffffffffffffwfffffffffffffffffffwfffffffffffffffffw
wfffffffffwwwwwwwwwwwwwwwwwwwwffffffffffffffffffwwwwwwwwwwwwwwwwwwwwwwwwwwwwwwwwwwwwwwwwwwwwwwfffffffffffffffffw
wfffffffffwffffffffffffffffffwfffffffffffffffffffffffffffffffffffffffffffffffffffffffffffffffffffffffffffffffffw
wfffffffffwffffffffffffffffffwfffffffffffffffffffffffffffffffffffffffffffffffffffffffffffffffffffffffffffffffffw
wfffffffffwffffffffffffffffffwfffffffffffffffffffffffffffffffffffffffffffffffffffffffffffffffffffffffffffffffffw
wfffffffffwffffffffffffffffffwfffffffffffffffffffffffffffffffffffffffffffffffffffffffffffffffffffffffffffffffffw
wfffffffffwffffffffffffffffffwfffffffffffffffffffffffffffffffffffffffffffffffffffffffffffffffffffffffffffffffffw
wfffffffffwffffffffffffffffffwfffffffffffffffffffffffffffffffffffffffffffffffffffffffffffffffffffffffffffffffffw
wfffffffffwffffffffffffffffffwfffffffffffffffffffffffffffffffffffffffffffffffffffffffffffffffffffffffffffffffffw
wfffffffffwffffffffffffffffffwfffffffffffffffpfffffffffffffffffffffffffffffffffffffffffffffffffffffffffffffffffw
wfffffffffwffffffffffffffffffwfffffffffffffffffffffffffffffffffffffffffffffffffffffffffffffffffffffffffffffffffw
wfffffffffwffffffffffffffffffwfffffffffffffffffffffffffffffffffffffffffffffffffffffffffffffffffffffffffffffffffw
wfffffffffwffffffffffffffffffwfffffffffffffffffffffffffffffffffffffffffffffffffffffffffffffffffffffffffffffffffw
wfffffffffwffffffffffffffffffwfffffffffffffffffffffffffffffffffffffffffffffffffffffffffffffffffffffffffffffffffw
wfffffffffwffffffffffffffffffwfffffffffffffffffffffffffffffffffffffffffffffffffffffffffffffffffffffffffffffffffw
wfffffffffwffffffffffffffffffwfffffffffffffffffffffffffffffffffffffffffffffffffffffffffffffffffffffffffffffffffw
wfffffffffwwwwwwwwwwwwwwwwwwwwfffffffffffffffffffffffffffffffffffffffffffffffffffffffffffffffffffffffffffffffffw
wffffffffffffffffffffffffffffffffffffffffffffffffffffffffffffffffffffffffffffffffffffffffffffffffffffffffffffffw
wffffffffffffffffffffffffffffffffffffffffffffffffffffffffffffffffffffffffffffffffffffffffffffffffffffffffffffffw
wffffffffffffffffffffffffffffffffffffffffffffffffffffffffffffffffffffffffffffffffffffffffffffffffffffffffffffffw
wffffffffffffffffffffffffffffffffffffffffffffffffffffffffffffffffffffffffffffffffffffffffffffffffffffffffffffffw
wffffffffffffffffffffffffffffffffffffffffffffffffffffffffffffffffffffffffffffffffffffffffffffffffffffffffffffffw
wwwwwwwwwwwwwwwwwwwwwwwwwwwwwwwwwwwwwwwwwwwwwwwwwwwwwwwwwwwwwwwwwwwwwwwwwwwwwwwwwwwwwwwwwwwwwwwwwwwwwwwwwwwwwwww
